================================================== amort
  job     amort
  decides permutation once-per-forward (PREFILL ONLY)
  script  gpu/exp5_amortisation.py 
  host    x3006c0s13b0n0
  when    2026-08-27T20:07:38+00:00
  cc      /usr/bin/gcc
  NVIDIA A100-SXM4-40GB, 8.0
  NVIDIA A100-SXM4-40GB, 8.0
  NVIDIA A100-SXM4-40GB, 8.0
  NVIDIA A100-SXM4-40GB, 8.0
  exit 0
  ----------------------------------------------
negative control (positions regenerated, not permuted): err 8.25e+00  OK -- the check has teeth
3-layer stack with RoPE, positions permuted: max abs err 9.77e-04  OK -- equivariance holds
  (accumulating fp16 through 3 layers, so the tolerance is loose;
   a real break shows as orders of magnitude, not 1e-2.)

dilated-8 + residue-perm-8   permutation amortisation   N=4096 BH=8 D=64
------------------------------------------------------------------------
  layers  plain ms  per-layer    gain      once    gain
       1     0.454      0.357   1.269     0.357   1.269
       4     1.555      1.412   1.102     0.893   1.742
       8     3.018      2.201   1.372     1.254   2.407
      16     4.655      4.388   1.061     2.351   1.980
      32     9.219      8.772   1.051     4.559   2.022

plain = 128x128 identity stack (our own baseline, NOT FlexAttention).
per-layer = permute/invert around every attention -- the pessimistic bound.
once = permute at the input, run the stack in permuted space, invert once --
       what NOTES sec 4 assumes and sec 5 flags as argued rather than measured.
If the two columns converge as depth grows, the amortisation claim holds.

================================================== cell3
  job     cell3
  decides the ONLY parameter-free falsifier in the set
  script  gpu/exp8_three_cells.py 3
  host    x3112c0s7b1n0
  when    2026-08-27T20:01:13+00:00
  cc      /usr/bin/gcc
  NVIDIA A100-SXM4-40GB, 8.0
  NVIDIA A100-SXM4-40GB, 8.0
  NVIDIA A100-SXM4-40GB, 8.0
  NVIDIA A100-SXM4-40GB, 8.0
  exit 1
  ----------------------------------------------
running only cell(s) ['3']


=== CELL 3  local256+str8  N=2048 128x32   counting->rp2 1.04x  makespan->rp4 1.18x
    programs 128, ~1.19 waves on 108 SMs
Traceback (most recent call last):
  File "/lus/eagle/projects/radix-io/agueroudji/test_polyhedral/polyhedral/gpu/exp8_three_cells.py", line 215, in <module>
    raise SystemExit(main())
                     ^^^^^^
  File "/lus/eagle/projects/radix-io/agueroudji/test_polyhedral/polyhedral/gpu/exp8_three_cells.py", line 139, in main
    bw, bst = best[2], best[3]
                       ~~~~^^^
IndexError: tuple index out of range

================================================== cells
  job     cells
  decides all three cells, paired/interleaved timing
  script  gpu/exp8_three_cells.py 
  host    x3001c0s13b0n0
  when    2026-08-27T20:04:26+00:00
  cc      /usr/bin/gcc
  NVIDIA A100-SXM4-40GB, 8.0
  NVIDIA A100-SXM4-40GB, 8.0
  NVIDIA A100-SXM4-40GB, 8.0
  NVIDIA A100-SXM4-40GB, 8.0
  exit 1
  ----------------------------------------------

=== CELL 1  sinks4+win256  N=1024 128x128   counting->identity contiguity->rp8
    programs 64, ~0.59 waves on 108 SMs
Traceback (most recent call last):
  File "/lus/eagle/projects/radix-io/agueroudji/test_polyhedral/polyhedral/gpu/exp8_three_cells.py", line 215, in <module>
    raise SystemExit(main())
                     ^^^^^^
  File "/lus/eagle/projects/radix-io/agueroudji/test_polyhedral/polyhedral/gpu/exp8_three_cells.py", line 105, in main
    m = masks_gpu.numpy_mask(name)
        ^^^^^^^^^^^^^^^^^^^^^^^^^^
  File "/lus/eagle/projects/radix-io/agueroudji/test_polyhedral/polyhedral/gpu/masks_gpu.py", line 24, in numpy_mask
    return SPECS[name][4]()
           ~~~~~^^^^^^
KeyError: 'sinks4+win256'

================================================== classa
  job     classa
  decides class A across tile shapes
  script  gpu/exp2_class_a.py 
  host    x3006c0s13b0n0
  when    2026-08-27T20:08:52+00:00
  cc      /usr/bin/gcc
  NVIDIA A100-SXM4-40GB, 8.0
  NVIDIA A100-SXM4-40GB, 8.0
  NVIDIA A100-SXM4-40GB, 8.0
  NVIDIA A100-SXM4-40GB, 8.0
  exit 0
  ----------------------------------------------

dilated-4  residue-perm-4   N=4096 BH=8
-------------------------------------------------------------------------
      tile  waste id  waste perm  elem gain    ms id   ms perm  time gain
   128x128     4.121       1.124      3.667    0.428     0.174      2.459
    128x32     4.121       1.124      3.667    0.536     0.211      2.541
     64x64     4.059       1.061      3.824    0.398     0.163      2.447
     32x32     4.027       1.030      3.909    0.666     0.228      2.915
     16x16     4.012       1.015      3.954    0.993     0.307      3.233

one-time permutation of Q/K/V: 0.133 ms (NOT included in 'ms perm'; amortised over layers in practice)
elem gain is the prediction, time gain is the measurement.

dilated-8  residue-perm-8   N=4096 BH=8
-------------------------------------------------------------------------
      tile  waste id  waste perm  elem gain    ms id   ms perm  time gain
   128x128     8.234       1.248      6.600    0.351     0.136      2.575
    128x32     8.234       1.248      6.600    0.534     0.150      3.568
     64x64     8.109       1.123      7.222    0.400     0.133      3.008
     32x32     8.047       1.060      7.588    0.665     0.161      4.134
     16x16     8.016       1.029      7.788    1.130     0.217      5.208

one-time permutation of Q/K/V: 0.106 ms (NOT included in 'ms perm'; amortised over layers in practice)
elem gain is the prediction, time gain is the measurement.

local256+str8  residue-perm-8   N=4096 BH=8
-------------------------------------------------------------------------
      tile  waste id  waste perm  elem gain    ms id   ms perm  time gain
   128x128     4.460       3.987      1.119    0.391     0.349      1.120
    128x32     4.460       2.923      1.526    0.542     0.336      1.610
     64x64     4.393       2.382      1.844    0.444     0.250      1.779
     32x32     4.359       1.491      2.924    0.671     0.256      2.620
     16x16     4.342       1.245      3.488    1.222     0.322      3.799

one-time permutation of Q/K/V: 0.106 ms (NOT included in 'ms perm'; amortised over layers in practice)
elem gain is the prediction, time gain is the measurement.

================================================== fixed
  job     fixed
  decides out-of-sample test of the fixed-cost account
  script  gpu/exp9_fixed_cost.py 
  host    x3006c0s13b0n0
  when    2026-08-27T20:05:24+00:00
  cc      /usr/bin/gcc
  NVIDIA A100-SXM4-40GB, 8.0
  NVIDIA A100-SXM4-40GB, 8.0
  NVIDIA A100-SXM4-40GB, 8.0
  NVIDIA A100-SXM4-40GB, 8.0
  exit 0
  ----------------------------------------------
cell                                      rho    tpp pred(31.4) pred(refit)   measured   verdict
--------------------------------------------------------------------------------------------------
calibration (in-sample; refits F/V)  dilated-8   7.79   16.5       3.34refit F/V=26.8    3.59+-0.18          
out-of-sample FALSIFIER (phi small)  dilated-2  FAILED KeyError: 'dilated-2'
PIN the constant (phi ~ 0.2-0.9)  dilated-4   3.98   64.5       3.00        3.10    3.41+-0.10  marginal
fallback, smaller  dilated-2                    FAILED KeyError: 'dilated-2'

rho = element ratio (what counting predicts) | tpp = tiles per program, fast variant
phi = (F/V)/tpp with F/V = 31.4 fitted ONCE at dilated-8 and never refitted
pred = (phi+rho)/(phi+1) -- the fixed-cost account's out-of-sample prediction
measured = PAIRED interleaved ratio, so a 5% effect is not lost in drift

pred(31.4) uses the constant fitted in an EARLIER job; pred(refit) uses this
job's own calibration row. Both are printed so a reader can see the test does not
depend on the choice -- a 2.4x swing in the calibration moves the falsifier's
prediction only 1.81 -> 1.98.

Read the FALSIFIER row one-sidedly: at or below ~1.5 the fixed-cost account is
dead. Landing near 1.89 does NOT confirm it, only fails to kill it. The PIN row
is where the constant is actually measured -- its prediction moves 3.53/3.00/2.56
across the same F/V range, so there the answer discriminates.

================================================== gate
  job     gate
  decides GATE -- nothing else means anything if this fails
  script  gpu/test_correctness.py 
  host    x3112c0s7b1n0
  when    2026-08-27T19:59:52+00:00
  cc      /usr/bin/gcc
  NVIDIA A100-SXM4-40GB, 8.0
  NVIDIA A100-SXM4-40GB, 8.0
  NVIDIA A100-SXM4-40GB, 8.0
  NVIDIA A100-SXM4-40GB, 8.0
  exit 0
  ----------------------------------------------
=== 1. mask definitions agree across consumers ===
  causal           OK
  window-128       OK
  window-512       OK
  dilated-4        OK
  dilated-8        OK
  local256+str8    OK
  twoband-1024     OK
  twoband-1000     OK

=== 2. BlockIndex element count == polyattn.cost prediction ===
  causal           OK across 7 tile shapes
  window-128       OK across 7 tile shapes
  dilated-8        OK across 7 tile shapes
  local256+str8    OK across 7 tile shapes
  twoband-1000     OK across 7 tile shapes

=== 3. Triton kernel vs dense reference ===
  causal           max abs err 1.95e-03  OK
  window-128       max abs err 1.95e-03  OK
  dilated-8        max abs err 9.77e-04  OK
  local256+str8    max abs err 1.95e-03  OK
  twoband-1000     max abs err 1.95e-03  OK

=== 4. class A permuted path vs the same reference ===
  dilated-4        waste 1.058  max abs err 1.95e-03  OK
  dilated-8        waste 1.116  max abs err 9.77e-04  OK

ALL OK

================================================== gonogo
  job     gonogo
  decides headline, fresh-compiled FlexAttention baseline
  script  gpu/exp0_gonogo.py 
  host    x3112c0s7b1n0
  when    2026-08-27T20:01:49+00:00
  cc      /usr/bin/gcc
  NVIDIA A100-SXM4-40GB, 8.0
  NVIDIA A100-SXM4-40GB, 8.0
  NVIDIA A100-SXM4-40GB, 8.0
  NVIDIA A100-SXM4-40GB, 8.0
  exit 0
  ----------------------------------------------
permuted-path correctness: max abs err 1.95e-03  OK

GO/NO-GO   dilated-8 + residue-perm-8   N=4096 B=1 H=8 D=64
--------------------------------------------------------------------------------------------------------------------------
                                      implementation    waste        ms  cv  (narrow sweep)   launch  PREDICTED   MEASURED
                               ours 128x128 identity    8.234   0.3543 cv2% (narrow 0.4239)    w4/s2      1.000      1.000
                                 ours 16x16 identity    8.016   0.4562 cv2% (narrow 0.6605)    w1/s3      1.027      0.777
                           ours 16x16 residue-perm-8    1.029   0.1357 cv2% (narrow 0.1659)    w1/s3      8.000      2.611
FlexAttention 128x128  (only size this torch supports)      nan                   0.3942 cv1%        -        nan      0.899
                                 FlexAttention 64x64      nanFAIL BackendCompilerFailed: backend='inductor' raised: <- LoweringException: ValueError: Q and KV block size must be divisible by BLOCK_M and BLOCK_N. Wegot Q_BLOCK_SI <- ValueError: Q and KV block size must be divisible by BLOCK_M and BLOCK_N. Wegot Q_BLOCK_SIZE=64 and KV        -        nan        nan
                                 FlexAttention 32x32      nanFAIL BackendCompilerFailed: backend='inductor' raised: <- LoweringException: ValueError: Q and KV block size must be divisible by BLOCK_M and BLOCK_N. Wegot Q_BLOCK_SI <- ValueError: Q and KV block size must be divisible by BLOCK_M and BLOCK_N. Wegot Q_BLOCK_SIZE=32 and KV        -        nan        nan

one-time permutation of Q/K/V: 0.105 ms, NOT included above
PREDICTED and MEASURED are both speedups over the 128x128 unpermuted baseline, printed adjacent on purpose:
  they agree      -> the cost model predicts hardware
  measured >> 1 but predicted ~ 1 -> the win is not the transform
  predicted >> measured -> the model overprices what it counts
ms is the best over a launch-config sweep, so a slow small tile is the hardware and not our configuration.

================================================== imbal
  job     imbal
  decides counting vs makespan, with a wave-count control
  script  gpu/exp7_load_imbalance.py 
  host    x3006c0s13b0n0
  when    2026-08-27T20:06:03+00:00
  cc      /usr/bin/gcc
  NVIDIA A100-SXM4-40GB, 8.0
  NVIDIA A100-SXM4-40GB, 8.0
  NVIDIA A100-SXM4-40GB, 8.0
  NVIDIA A100-SXM4-40GB, 8.0
  exit 0
  ----------------------------------------------

local256+str8: does load imbalance move the argmin?   BH=8 D=64
-------------------------------------------------------------------------------------------
            case  waves  argmin tot  argmin max argmin time                         verdict
   N=2048 128x32    1.2         rp2         rp4         rp4                        MAKESPAN
             rp2            tot 408      max 40    0.207 ms                         cv 2.9%
             rp4            tot 424      max 34    0.200 ms                         cv 2.9%
             rp8            tot 600      max 43    0.229 ms                         cv 2.4%
   N=2048 128x16    1.2         rp2         rp4         rp4                        MAKESPAN
             rp2            tot 816      max 80    0.225 ms                         cv 3.3%
             rp4            tot 848      max 68    0.219 ms                         cv 3.3%
             rp8           tot 1200      max 86    0.255 ms                         cv 2.7%
    N=1024 16x16    4.7         rp4         rp8         rp8                        MAKESPAN
             rp2           tot 1560      max 41    0.165 ms                         cv 4.2%
             rp4           tot 1384      max 31    0.144 ms                         cv 4.1%
             rp8           tot 1464      max 29    0.143 ms                         cv 3.4%
    N=2048 16x16    9.5         rp8         rp8         rp8   no disagreement to adjudicate
             rp2           tot 5240      max 73    0.292 ms                         cv 2.6%
             rp4           tot 3912      max 47    0.231 ms                         cv 2.9%
             rp8           tot 3608      max 37    0.210 ms                         cv 3.0%

CANDIDATE SET: {rp2, rp4, rp8} -- a disagreement
exists only if the set contains the transforms that disagree.
Both candidates are class A, so a memory-only account predicts NO
difference. Prediction on record: MAKESPAN wins at 128x32 (~1 wave),
and the effect WEAKENS at 16x16 (~9 waves), which is the control.
If 16x16 shows the same effect, the cause is not imbalance.

================================================== select
  job     select
  decides does the wall-clock argmin match the element argmin
  script  gpu/exp3_selection.py 
  host    x3005c0s37b0n0
  when    2026-08-27T20:06:27+00:00
  cc      /usr/bin/gcc
  NVIDIA A100-SXM4-40GB, 8.0
  NVIDIA A100-SXM4-40GB, 8.0
  NVIDIA A100-SXM4-40GB, 8.0
  NVIDIA A100-SXM4-40GB, 8.0
  exit 0
  ----------------------------------------------

local256+str8   N=4096 BH=8   selector validity
-------------------------------------------------------
      tile  argmin elems  argmin time   agree   cost of
   128x128           rp4          rp4     yes     1.000
    128x32           rp4          rp4     yes     1.000
    128x16           rp4          rp4     yes     1.000
     64x64           rp4          rp4     yes     1.000
     32x32           rp8          rp8     yes     1.000
     16x16           rp8          rp8     yes     1.000

'cost of' = how much slower the model's pick is than the true best.
1.00 means no loss; anything above it is the price of a wrong selection.

dilated-8   N=4096 BH=8   selector validity
-------------------------------------------------------
      tile  argmin elems  argmin time   agree   cost of
   128x128           rp8          rp8     yes     1.000
    128x32           rp8         rp16      NO     0.976
    128x16           rp8         rp16      NO     0.981
     64x64           rp8         rp16      NO     0.969
     64x16           rp8         rp16      NO     0.990
     32x32           rp8          rp8     yes     1.000
     16x16           rp8          rp8     yes     1.000

'cost of' = how much slower the model's pick is than the true best.
1.00 means no loss; anything above it is the price of a wrong selection.

window-128   N=4096 BH=8   selector validity
-------------------------------------------------------
      tile  argmin elems  argmin time   agree   cost of
   128x128      identity     identity     yes     1.000
    128x32      identity     identity     yes     1.000
    128x16      identity     identity     yes     1.000
     64x64      identity     identity     yes     1.000
     64x16      identity     identity     yes     1.000
     32x32      identity     identity     yes     1.000
     16x16      identity     identity     yes     1.000

'cost of' = how much slower the model's pick is than the true best.
1.00 means no loss; anything above it is the price of a wrong selection.

============================================================
CANDIDATE SET: {identity, rp2, rp4, rp8, rp16}
  The count below is for THIS set. The same masks under {identity, rp2,
  rp4} can give 0% where this gives 38%. Widening only adds
  disagreements, so a small number here is not a small effect.
SKIPPED 1 cell(s) with <2% element-count separation --
  no counting-level disagreement was possible, so they cannot
  contribute evidence either way: local256+str8 64x16
TOTAL DISAGREEMENTS: 4  (over 20 scored cells)
Zero -> the element-count cost model is a valid transform selector.
Nonzero -> it is not, and NOTES novelty item 1 needs restating.

================================================== tiles
  job     tiles
  decides p(BQ,A,mask) -- read ACROSS masks, not down a column
  script  gpu/exp1_tile_shape.py 
  host    x3001c0s13b0n0
  when    2026-08-27T20:08:06+00:00
  cc      /usr/bin/gcc
  NVIDIA A100-SXM4-40GB, 8.0
  NVIDIA A100-SXM4-40GB, 8.0
  NVIDIA A100-SXM4-40GB, 8.0
  NVIDIA A100-SXM4-40GB, 8.0
  exit 0
  ----------------------------------------------

window-128   N=4096 BH=8 D=64   baseline = 128x128
---------------------------------------------------
      tile    waste        ms  elem gain  time gain
   128x128    2.000     0.138      1.000      1.000
    128x64    2.000     0.139      1.000      0.993
    128x32    2.000     0.131      1.000      1.055
    128x16    2.000     0.137      1.000      1.007
    64x128    2.000     0.132      1.000      1.047
     64x64    1.500     0.127      1.333      1.089
     64x16    1.500     0.127      1.333      1.089
    32x128    2.000     0.137      1.000      1.007
     32x32    1.250     0.133      1.600      1.038
    16x128    2.000     0.153      1.000      0.903
     16x32    1.250     0.143      1.600      0.964
     16x16    1.125     0.166      1.778      0.833

elem gain = what the cost model predicts. time gain = what the GPU did.
A gap between the two columns IS the result.

READ THIS AS p(BQ, A, MASK), NOT p(BQ, A). exp0 measured a 1.61x
small-tile penalty at CONSTANT element count -- but the permuted
kernel at the same 16x16 tile delivered only 66% of its predicted
gain, and the tile shape was held fixed there, so occupancy alone
does not explain it. The likely mechanism is that per-CTA fixed
cost (Q tile load, softmax init and epilogue) is amortised over
FEWER tiles when the mask is sparser, so the penalty grows as work
per program shrinks. If that is right, p varies across masks at a
FIXED tile shape and a 2-D correction table is under-specified.
Compare the same tile row across the four masks to find out.

window-512   N=4096 BH=8 D=64   baseline = 128x128
---------------------------------------------------
      tile    waste        ms  elem gain  time gain
   128x128    1.250     0.187      1.000      1.000
    128x64    1.250     0.197      1.000      0.951
    128x32    1.250     0.180      1.000      1.037
    128x16    1.250     0.196      1.000      0.955
    64x128    1.250     0.171      1.000      1.093
     64x64    1.125     0.166      1.111      1.127
     64x16    1.125     0.179      1.111      1.043
    32x128    1.250     0.179      1.000      1.043
     32x32    1.062     0.207      1.176      0.903
    16x128    1.250     0.213      1.000      0.877
     16x32    1.062     0.241      1.176      0.777
     16x16    1.031     0.328      1.212      0.570

elem gain = what the cost model predicts. time gain = what the GPU did.
A gap between the two columns IS the result.

READ THIS AS p(BQ, A, MASK), NOT p(BQ, A). exp0 measured a 1.61x
small-tile penalty at CONSTANT element count -- but the permuted
kernel at the same 16x16 tile delivered only 66% of its predicted
gain, and the tile shape was held fixed there, so occupancy alone
does not explain it. The likely mechanism is that per-CTA fixed
cost (Q tile load, softmax init and epilogue) is amortised over
FEWER tiles when the mask is sparser, so the penalty grows as work
per program shrinks. If that is right, p varies across masks at a
FIXED tile shape and a 2-D correction table is under-specified.
Compare the same tile row across the four masks to find out.

local256+str8   N=4096 BH=8 D=64   baseline = 128x128
-----------------------------------------------------
      tile    waste        ms  elem gain  time gain
   128x128    4.460     0.467      1.000      1.000
    128x64    4.460     0.554      1.000      0.843
    128x32    4.460     0.543      1.000      0.861
    128x16    4.460     0.651      1.000      0.718
    64x128    4.460     0.459      1.000      1.019
     64x64    4.393     0.440      1.015      1.062
     64x16    4.393     0.568      1.015      0.823
    32x128    4.460     0.439      1.000      1.064
     32x32    4.359     0.670      1.023      0.698
    16x128    4.460     0.540      1.000      0.866
     16x32    4.359     0.764      1.023      0.612
     16x16    4.342     1.110      1.027      0.421

elem gain = what the cost model predicts. time gain = what the GPU did.
A gap between the two columns IS the result.

READ THIS AS p(BQ, A, MASK), NOT p(BQ, A). exp0 measured a 1.61x
small-tile penalty at CONSTANT element count -- but the permuted
kernel at the same 16x16 tile delivered only 66% of its predicted
gain, and the tile shape was held fixed there, so occupancy alone
does not explain it. The likely mechanism is that per-CTA fixed
cost (Q tile load, softmax init and epilogue) is amortised over
FEWER tiles when the mask is sparser, so the penalty grows as work
per program shrinks. If that is right, p varies across masks at a
FIXED tile shape and a 2-D correction table is under-specified.
Compare the same tile row across the four masks to find out.

causal   N=4096 BH=8 D=64   baseline = 128x128
---------------------------------------------------
      tile    waste        ms  elem gain  time gain
   128x128    1.031     0.346      1.000      1.000
    128x64    1.031     0.379      1.000      0.914
    128x32    1.031     0.530      1.000      0.653
    128x16    1.031     0.582      1.000      0.595
    64x128    1.031     0.391      1.000      0.886
     64x64    1.015     0.391      1.015      0.885
     64x16    1.015     0.562      1.015      0.616
    32x128    1.031     0.413      1.000      0.839
     32x32    1.008     0.665      1.023      0.520
    16x128    1.031     0.549      1.000      0.631
     16x32    1.008     0.767      1.023      0.451
     16x16    1.004     1.106      1.027      0.313

elem gain = what the cost model predicts. time gain = what the GPU did.
A gap between the two columns IS the result.

READ THIS AS p(BQ, A, MASK), NOT p(BQ, A). exp0 measured a 1.61x
small-tile penalty at CONSTANT element count -- but the permuted
kernel at the same 16x16 tile delivered only 66% of its predicted
gain, and the tile shape was held fixed there, so occupancy alone
does not explain it. The likely mechanism is that per-CTA fixed
cost (Q tile load, softmax init and epilogue) is amortised over
FEWER tiles when the mask is sparser, so the penalty grows as work
per program shrinks. If that is right, p varies across masks at a
FIXED tile shape and a 2-D correction table is under-specified.
Compare the same tile row across the four masks to find out.

================================================== traffic-d4
  job     traffic-d4
  decides traffic lower bound, dilated-4
  script  gpu/exp6_traffic_multiplier.py dilated-4
  host    x3006c0s13b0n0
  when    2026-08-27T20:10:28+00:00
  cc      /usr/bin/gcc
  NVIDIA A100-SXM4-40GB, 8.0
  NVIDIA A100-SXM4-40GB, 8.0
  NVIDIA A100-SXM4-40GB, 8.0
  NVIDIA A100-SXM4-40GB, 8.0
  exit 0
  ----------------------------------------------
running only ['dilated-4']


class A contiguous vs class B gather, MATCHED elements   N=4096 BH=8 D=64
--------------------------------------------------------------------------------------------------------------------------
                  case    elements  coalesce   class B bracket                        penalty(R/A): contiguous | scattered
     dilated-4 128x1282359296  cv 3.7%     0.99x      [2.0x..128x]cont 2:1.13 4:1.32 8:OutOfR 16:OutOfR | scat 2:1.11 4:1.37 8:OutOfR 16:OutOfR
      dilated-4 128x322359296  cv 2.5%     1.00x      [5.0x..128x]cont 2:1.00 4:1.06 8:1.17 16:1.76 | scat 2:1.01 4:1.06 8:1.22 16:1.99
       dilated-4 64x642228224  cv 3.2%     1.04x       [2.0x..64x]cont 2:1.13 4:1.33 8:1.99 16:2.82 | scat 2:1.15 4:1.44 8:2.38 16:3.73
       dilated-4 32x322162688  cv 2.4%     1.02x       [2.0x..32x]cont 2:1.20 4:1.31 8:1.72 16:2.79 | scat 2:1.19 4:1.34 8:1.79 16:2.93
       dilated-4 16x162129920  cv 2.2%     1.03x       [1.9x..16x]cont 2:1.22 4:1.37 8:1.67 16:2.75 | scat 2:1.25 4:1.42 8:1.78 16:2.85

Both columns compute the SAME tiles and produce the SAME output --
verified per row before timing. The ratio is the traffic term the
element-count model cannot see, and it is the only quantity found
so far that differs by transform at a fixed tile shape.
FIRST NUMBER = coalescing only, at A rows. It is a LOWER BOUND on
the class B penalty, NOT the penalty: class B touches 1.94x-15.5x
more rows depending on tile shape. A small first number does NOT
close the question -- that inference was proposed and is wrong.
The R multipliers sweep the row-count axis so the two factors can
be composed for any class B configuration without implementing it.

================================================== traffic-d8
  job     traffic-d8
  decides traffic lower bound, dilated-8
  script  gpu/exp6_traffic_multiplier.py dilated-8
  host    x3005c0s37b0n0
  when    2026-08-27T20:09:30+00:00
  cc      /usr/bin/gcc
  NVIDIA A100-SXM4-40GB, 8.0
  NVIDIA A100-SXM4-40GB, 8.0
  NVIDIA A100-SXM4-40GB, 8.0
  NVIDIA A100-SXM4-40GB, 8.0
  exit 0
  ----------------------------------------------
running only ['dilated-8']


class A contiguous vs class B gather, MATCHED elements   N=4096 BH=8 D=64
--------------------------------------------------------------------------------------------------------------------------
                  case    elements  coalesce   class B bracket                        penalty(R/A): contiguous | scattered
     dilated-8 128x1281310720  cv 3.7%     0.99x      [2.0x..128x]cont 2:1.09 4:1.25 8:OutOfR 16:OutOfR | scat 2:1.10 4:1.28 8:OutOfR 16:OutOfR
      dilated-8 128x321310720  cv 3.1%     1.00x      [5.0x..128x]cont 2:1.09 4:1.12 8:1.21 16:1.63 | scat 2:1.09 4:1.14 8:1.23 16:1.81
       dilated-8 64x641179648  cv 4.0%     1.02x       [2.0x..64x]cont 2:1.13 4:1.26 8:1.71 16:2.24 | scat 2:1.13 4:1.32 8:2.01 16:2.88
       dilated-8 32x321114112  cv 5.2%     1.03x       [2.0x..32x]cont 2:1.16 4:1.26 8:1.55 16:2.31 | scat 2:1.17 4:1.27 8:1.61 16:2.44
       dilated-8 16x161081344  cv 2.2%     1.04x       [1.9x..16x]cont 2:1.23 4:1.35 8:1.56 16:2.41 | scat 2:1.24 4:1.38 8:1.63 16:2.45

Both columns compute the SAME tiles and produce the SAME output --
verified per row before timing. The ratio is the traffic term the
element-count model cannot see, and it is the only quantity found
so far that differs by transform at a fixed tile shape.
FIRST NUMBER = coalescing only, at A rows. It is a LOWER BOUND on
the class B penalty, NOT the penalty: class B touches 1.94x-15.5x
more rows depending on tile shape. A small first number does NOT
close the question -- that inference was proposed and is wrong.
The R multipliers sweep the row-count axis so the two factors can
be composed for any class B configuration without implementing it.

================================================== traffic-ls
  job     traffic-ls
  decides traffic lower bound, local256+str8
  script  gpu/exp6_traffic_multiplier.py local256+str8
  host    x3112c0s7b1n0
  when    2026-08-27T20:11:27+00:00
  cc      /usr/bin/gcc
  NVIDIA A100-SXM4-40GB, 8.0
  NVIDIA A100-SXM4-40GB, 8.0
  NVIDIA A100-SXM4-40GB, 8.0
  NVIDIA A100-SXM4-40GB, 8.0
  exit 0
  ----------------------------------------------
running only ['local256+str8']


class A contiguous vs class B gather, MATCHED elements   N=4096 BH=8 D=64
--------------------------------------------------------------------------------------------------------------------------
                  case    elements  coalesce   class B bracket                        penalty(R/A): contiguous | scattered
 local256+str8 128x1287733248  cv 1.8%     1.00x      [2.0x..128x]cont 2:1.12 4:1.48 8:OutOfR 16:OutOfR | scat 2:1.10 4:1.54 8:OutOfR 16:OutOfR
  local256+str8 128x325668864  cv 1.5%     1.01x      [5.0x..128x]cont 2:1.09 4:1.10 8:1.25 16:2.12 | scat 2:1.06 4:1.16 8:1.30 16:2.34
   local256+str8 64x644620288  cv 2.4%     1.00x       [2.0x..64x]cont 2:1.13 4:1.35 8:2.20 16:3.18 | scat 2:1.22 4:1.46 8:2.95 16:4.55
   local256+str8 32x322891776  cv 1.5%     1.01x       [2.0x..32x]cont 2:1.24 4:1.37 8:1.76 16:3.05 | scat 2:1.26 4:1.39 8:1.92 16:3.26
   local256+str8 16x162414592  cv 1.9%     1.02x       [1.9x..16x]cont 2:1.22 4:1.36 8:1.62 16:2.62 | scat 2:1.24 4:1.40 8:1.74 16:2.74

Both columns compute the SAME tiles and produce the SAME output --
verified per row before timing. The ratio is the traffic term the
element-count model cannot see, and it is the only quantity found
so far that differs by transform at a fixed tile shape.
FIRST NUMBER = coalescing only, at A rows. It is a LOWER BOUND on
the class B penalty, NOT the penalty: class B touches 1.94x-15.5x
more rows depending on tile shape. A small first number does NOT
close the question -- that inference was proposed and is wrong.
The R multipliers sweep the row-count axis so the two factors can
be composed for any class B configuration without implementing it.

